Microchip MPLAB XC8 Compiler V2.00 ()

Linker command line:

-W-3 --edf=C:\Program Files (x86)\Microchip\xc8\v2.00\pic\dat\en_msgs.txt \
  -cs -h+dist/default/production\eusart.X.production.sym \
  --cmf=dist/default/production\eusart.X.production.cmf -z -Q16F887 \
  -oC:\Users\20185315\AppData\Local\Temp\si38.2 \
  -Mdist/default/production/eusart.X.production.map -E1 -ver=XC8 \
  --acfsm=1493 -ASTACK=0110h-016fh -pstack=STACK -ACODE=00h-07FFhx4 \
  -ASTRCODE=00h-01FFFh -ASTRING=00h-0FFhx32 -ACONST=00h-0FFhx32 \
  -AENTRY=00h-0FFhx32 -ACOMMON=070h-07Fh -ABANK0=020h-06Fh \
  -ABANK1=0A0h-0EFh -ABANK2=0110h-016Fh -ABANK3=0190h-01EFh \
  -ARAM=020h-06Fh,0A0h-0EFh,0110h-016Fh,0190h-01EFh \
  -AABS1=020h-07Fh,0A0h-0EFh,0110h-016Fh,0190h-01EFh -ASFR0=00h-01Fh \
  -ASFR1=080h-09Fh -ASFR2=0100h-010Fh -ASFR3=0180h-018Fh \
  -preset_vec=00h,intentry=04h,init,end_init -ppowerup=CODE -pcinit=CODE \
  -pfunctab=ENTRY -ACONFIG=02007h-02008h -pconfig=CONFIG -DCONFIG=2 \
  -AIDLOC=02000h-02003h -pidloc=IDLOC -DIDLOC=2 -AEEDATA=00h-0FFh/02100h \
  -peeprom_data=EEDATA -DEEDATA=2 -DCODE=2 -DSTRCODE=2 -DSTRING=2 -DCONST=2 \
  -DENTRY=2 -k C:\Users\20185315\AppData\Local\Temp\si38.o \
  dist/default/production\eusart.X.production.o 

Object code version is 3.11

Machine type is 16F887



                Name                               Link     Load   Length Selector   Space Scale
C:\Users\20185315\AppData\Local\Temp\si38.o
                end_init                              E        E        3        8       0
                reset_vec                             0        0        3        0       0
                config                             2007     2007        2     400E       0
dist/default/production\eusart.X.production.o
                cinit                                11       11       43        8       0
                functab                              54       54       24       A8       0
                intentry                              4        4        A        8       0
                text22                              EFF      EFF       15     1DFE       0
                text21                              7EA      7EA       16      49E       0
                text20                              F7F      F7F       1F     1EFE       0
                text19                               FA       FA        5       F0       0
                text18                              ED1      ED1        A     1DA2       0
                text17                               BC       BC       3E       F0       0
                text16                              38A      38A       E4      49E       0
                text15                              4F2      4F2       83      49E       0
                text14                              5F7      5F7       73      49E       0
                text13                              F9E      F9E       2D     1F3C       0
                text12                              46E      46E       84      49E       0
                text11                              F14      F14       15     1E28       0
                text10                              6D9      6D9       5F      49E       0
                text9                               EBA      EBA        7     1D74       0
                text8                                78       78       44       F0       0
                text7                               738      738       5E      49E       0
                text6                               F43      F43       1E     1E86       0
                text5                               EC1      EC1        8     1D82       0
                text4                               575      575       82      49E       0
                text3                               66A      66A       6F      49E       0
                text2                               796      796       54      49E       0
                text1                               EDB      EDB       11     1DB6       0
                maintext                            24F      24F      13B      49E       0
                cstackBANK0                          20       20       2C       20       1
                cstackCOMMON                         70       70        7       70       1
                clrtext                             EC9      EC9        8     1D92       0
                inittext                            EEC      EEC       13     1DD8       0
                dataBANK3                           190      190       1E      190       1
                bssBANK3                            1AE      1AE       14      190       1
                dataBANK1                            A0       A0       35       A0       1
                bssBANK1                             D5       D5       1A       A0       1
                dataBANK0                            4C       4C       1A       20       1
                bssBANK0                             66       66        3       20       1
                bssCOMMON                            77       77        1       70       1
                stringtext                          100      100      14F        2       0
                idataBANK3                          F61      F61       1E     1EC2       0
                idataBANK1                          FCB      FCB       35     1F96       0
                idataBANK0                          F29      F29       1A     1E52       0

TOTAL           Name                               Link     Load   Length     Space
        CLASS   STACK          

        CLASS   CODE           
                end_init                              E        E        3         0
                cinit                                11       11       43         0
                intentry                              4        4        A         0
                reset_vec                             0        0        3         0
                text22                              EFF      EFF       15         0
                text21                              7EA      7EA       16         0
                text20                              F7F      F7F       1F         0
                text19                               FA       FA        5         0
                text18                              ED1      ED1        A         0
                text17                               BC       BC       3E         0
                text16                              38A      38A       E4         0
                text15                              4F2      4F2       83         0
                text14                              5F7      5F7       73         0
                text13                              F9E      F9E       2D         0
                text12                              46E      46E       84         0
                text11                              F14      F14       15         0
                text10                              6D9      6D9       5F         0
                text9                               EBA      EBA        7         0
                text8                                78       78       44         0
                text7                               738      738       5E         0
                text6                               F43      F43       1E         0
                text5                               EC1      EC1        8         0
                text4                               575      575       82         0
                text3                               66A      66A       6F         0
                text2                               796      796       54         0
                text1                               EDB      EDB       11         0
                maintext                            24F      24F      13B         0
                clrtext                             EC9      EC9        8         0
                inittext                            EEC      EEC       13         0
                idataBANK3                          F61      F61       1E         0
                idataBANK1                          FCB      FCB       35         0
                idataBANK0                          F29      F29       1A         0

        CLASS   STRCODE        
                stringtext                          100      100      14F         0

        CLASS   STRING         

        CLASS   CONST          

        CLASS   ENTRY          
                functab                              54       54       24         0

        CLASS   COMMON         
                cstackCOMMON                         70       70        7         1
                bssCOMMON                            77       77        1         1

        CLASS   BANK0          
                cstackBANK0                          20       20       2C         1
                dataBANK0                            4C       4C       1A         1
                bssBANK0                             66       66        3         1

        CLASS   BANK1          
                dataBANK1                            A0       A0       35         1
                bssBANK1                             D5       D5       1A         1

        CLASS   BANK2          

        CLASS   BANK3          
                dataBANK3                           190      190       1E         1
                bssBANK3                            1AE      1AE       14         1

        CLASS   RAM            

        CLASS   ABS1           
                abs_s1                               7E       7E        2         1

        CLASS   SFR0           

        CLASS   SFR1           

        CLASS   SFR2           

        CLASS   SFR3           

        CLASS   CONFIG         
                config                             2007     2007        2         0

        CLASS   IDLOC          

        CLASS   EEDATA         



SEGMENTS        Name                           Load    Length   Top    Selector   Space  Class     Delta

                reset_vec                      000000  000003  000003         0       0  CODE        2
                intentry                       000004  000050  000054         8       0  CODE        2
                cstackBANK0                    000020  000049  000069        20       1  BANK0       1
                cstackCOMMON                   000070  000008  000078        70       1  COMMON      1
                dataBANK1                      0000A0  00004F  0000EF        A0       1  BANK1       1
                functab                        000054  000024  000078        A8       0  ENTRY       2
                text8                          000078  000087  0000FF        F0       0  CODE        2
                dataBANK3                      000190  000032  0001C2       190       1  BANK3       1
                stringtext                     000100  00014F  00024F         2       0  STRCODE     2
                maintext                       00024F  0005B1  000800       49E       0  CODE        2
                text9                          000EBA  000007  000EC1      1D74       0  CODE        2
                text5                          000EC1  000008  000EC9      1D82       0  CODE        2
                clrtext                        000EC9  000008  000ED1      1D92       0  CODE        2
                text18                         000ED1  00000A  000EDB      1DA2       0  CODE        2
                text1                          000EDB  000011  000EEC      1DB6       0  CODE        2
                inittext                       000EEC  000013  000EFF      1DD8       0  CODE        2
                text22                         000EFF  000015  000F14      1DFE       0  CODE        2
                text11                         000F14  000015  000F29      1E28       0  CODE        2
                idataBANK0                     000F29  00001A  000F43      1E52       0  CODE        2
                text6                          000F43  00001E  000F61      1E86       0  CODE        2
                idataBANK3                     000F61  00001E  000F7F      1EC2       0  CODE        2
                text20                         000F7F  00001F  000F9E      1EFE       0  CODE        2
                text13                         000F9E  00002D  000FCB      1F3C       0  CODE        2
                idataBANK1                     000FCB  000035  001000      1F96       0  CODE        2
                config                         002007  000002  002009      400E       0  CONFIG      2


UNUSED ADDRESS RANGES

        Name                Unused          Largest block    Delta
        BANK0            0069-006F              7           1
        BANK1            00EF-00EF              1           1
        BANK2            0110-016F             60           1
        BANK3            01C2-01EF             2E           1
        CODE             0003-0003              1           2
                         00FF-00FF              1
                         0800-0EB9            6BA
                         1000-1FFF            800
        COMMON           0078-007D              6           1
        CONST            0003-0003              1           2
                         00FF-00FF              1
                         0800-0EB9            100
                         1000-1FFF            100
        EEDATA           2100-21FF            100           2
        ENTRY            0003-0003              1           2
                         00FF-00FF              1
                         0800-0EB9            100
                         1000-1FFF            100
        IDLOC            2000-2003              4           2
        RAM              0069-006F              7           1
                         00EF-00EF              1
                         0110-016F             60
                         01C2-01EF             2E
        SFR0             0000-001F             20           1
        SFR1             0080-009F             20           1
        SFR2             0100-010F             10           1
        SFR3             0180-018F             10           1
        STACK            0110-016F             60           1
        STRCODE          0003-0003              1           2
                         00FF-00FF              1
                         0800-0EB9            6BA
                         1000-1FFF           1000
        STRING           0003-0003              1           2
                         00FF-00FF              1
                         0800-0EB9            100
                         1000-1FFF            100

                                  Symbol Table

?___awdiv                 cstackBANK0  0020
?___lldiv                 cstackBANK0  0020
Wifi_cipsend@F1407        dataBANK1    00A0
Wifi_cipsend@F1409        bssBANK1     00E5
Wifi_connect@F1395        dataBANK3    0190
Wifi_connect@i            cstackBANK0  004A
Wifi_connect@pass         cstackBANK0  0026
Wifi_connect@ssid         cstackBANK0  0024
Wifi_connect@str          cstackBANK0  002C
Wifi_mode@d               cstackBANK0  0024
_BAUDCTLbits              (abs)        0187
_INTCONbits               (abs)        000B
_LCDbits                  (abs)        0008
_PIE1bits                 (abs)        008C
_PIR1bits                 (abs)        000C
_RCREG                    (abs)        001A
_RCSTAbits                (abs)        0018
_SPBRbits                 (abs)        0099
_TRISDbits                (abs)        0088
_TXREG                    (abs)        0019
_TXSTAbits                (abs)        0098
_Wifi_autoconnect         (abs)        0000
_Wifi_cipsend             (abs)        0000
_Wifi_config_cliente      (abs)        0000
_Wifi_config_servidor     (abs)        0000
_Wifi_connect             text16       038A
_Wifi_ip                  (abs)        0000
_Wifi_mode                text15       04F2
_Wifi_scan                (abs)        0000
__CFG_BOR4V$BOR40V        (abs)        0000
__CFG_BOREN$OFF           (abs)        0000
__CFG_CP$OFF              (abs)        0000
__CFG_CPD$OFF             (abs)        0000
__CFG_FCMEN$OFF           (abs)        0000
__CFG_FOSC$HS             (abs)        0000
__CFG_IESO$OFF            (abs)        0000
__CFG_LVP$OFF             (abs)        0000
__CFG_MCLRE$OFF           (abs)        0000
__CFG_PWRTE$OFF           (abs)        0000
__CFG_WDTE$OFF            (abs)        0000
__CFG_WRT$OFF             (abs)        0000
__Habs1                   abs1         0000
__Hbank0                  bank0        0000
__Hbank1                  bank1        0000
__Hbank2                  bank2        0000
__Hbank3                  bank3        0000
__HbssBANK0               bssBANK0     0000
__HbssBANK1               bssBANK1     0000
__HbssBANK3               bssBANK3     0000
__HbssCOMMON              bssCOMMON    0000
__Hcinit                  cinit        0054
__Hclrtext                clrtext      0000
__Hcode                   code         0000
__Hcommon                 common       0000
__Hconfig                 config       2009
__HcstackBANK0            cstackBANK0  0000
__HcstackCOMMON           cstackCOMMON 0000
__HdataBANK0              dataBANK0    0000
__HdataBANK1              dataBANK1    0000
__HdataBANK3              dataBANK3    0000
__Heeprom_data            eeprom_data  0000
__Hend_init               end_init     0011
__Hfunctab                functab      0078
__HidataBANK0             idataBANK0   0000
__HidataBANK1             idataBANK1   0000
__HidataBANK3             idataBANK3   0000
__Hidloc                  idloc        0000
__Hinit                   init         000E
__Hinittext               inittext     0000
__Hintentry               intentry     000E
__Hmaintext               maintext     0000
__Hpowerup                powerup      0000
__Hram                    ram          0000
__Hreset_vec              reset_vec    0003
__Hsfr0                   sfr0         0000
__Hsfr1                   sfr1         0000
__Hsfr2                   sfr2         0000
__Hsfr3                   sfr3         0000
__Hspace_0                (abs)        2009
__Hspace_1                (abs)        01C2
__Hspace_2                (abs)        0000
__Hspace_3                (abs)        0000
__Hstack                  stack        0000
__Hstrings                strings      0000
__Hstringtext             stringtext   0000
__Htext                   text         0000
__Labs1                   abs1         0000
__Lbank0                  bank0        0000
__Lbank1                  bank1        0000
__Lbank2                  bank2        0000
__Lbank3                  bank3        0000
__LbssBANK0               bssBANK0     0000
__LbssBANK1               bssBANK1     0000
__LbssBANK3               bssBANK3     0000
__LbssCOMMON              bssCOMMON    0000
__Lcinit                  cinit        0011
__Lclrtext                clrtext      0000
__Lcode                   code         0000
__Lcommon                 common       0000
__Lconfig                 config       2007
__LcstackBANK0            cstackBANK0  0000
__LcstackCOMMON           cstackCOMMON 0000
__LdataBANK0              dataBANK0    0000
__LdataBANK1              dataBANK1    0000
__LdataBANK3              dataBANK3    0000
__Leeprom_data            eeprom_data  0000
__Lend_init               end_init     000E
__Lfunctab                functab      0054
__LidataBANK0             idataBANK0   0000
__LidataBANK1             idataBANK1   0000
__LidataBANK3             idataBANK3   0000
__Lidloc                  idloc        0000
__Linit                   init         000E
__Linittext               inittext     0000
__Lintentry               intentry     0004
__Lmaintext               maintext     0000
__Lpowerup                powerup      0000
__Lram                    ram          0000
__Lreset_vec              reset_vec    0000
__Lsfr0                   sfr0         0000
__Lsfr1                   sfr1         0000
__Lsfr2                   sfr2         0000
__Lsfr3                   sfr3         0000
__Lspace_0                (abs)        0000
__Lspace_1                (abs)        0000
__Lspace_2                (abs)        0000
__Lspace_3                (abs)        0000
__Lstack                  stack        0000
__Lstrings                strings      0000
__Lstringtext             stringtext   0000
__Ltext                   text         0000
__S0                      (abs)        2009
__S1                      (abs)        01C2
__S2                      (abs)        0000
__S3                      (abs)        0000
___awdiv                  text14       05F7
___awdiv@counter          cstackBANK0  0024
___awdiv@dividend         cstackBANK0  0022
___awdiv@divisor          cstackBANK0  0020
___awdiv@quotient         cstackBANK0  0026
___awdiv@sign             cstackBANK0  0025
___int_sp                 stack        0000
___latbits                (abs)        0002
___lldiv                  text3        066A
___lldiv@counter          cstackBANK0  002C
___lldiv@dividend         cstackBANK0  0024
___lldiv@divisor          cstackBANK0  0020
___lldiv@quotient         cstackBANK0  0028
___sp                     stack        0000
__end_of_Wifi_connect     text16       046E
__end_of_Wifi_mode        text15       0575
__end_of___awdiv          text14       066A
__end_of___lldiv          text3        06D9
__end_of__fptable         functab      0078
__end_of__initialization  cinit        0050
__end_of__stringtab       stringtext   0112
__end_of_delay            text20       0F9E
__end_of_dispLCD          text10       0738
__end_of_dispLCD_clr      text9        0EC1
__end_of_dispLCD_dataReg  text13       0FCB
__end_of_dispLCD_init     text7        0796
__end_of_dispLCD_instReg  text12       04F2
__end_of_dispLCD_lincol   text11       0F29
__end_of_dispLCD_newChar  text8        00BC
__end_of_fifo_filtro      text4        05F7
__end_of_fifo_inserir     text22       0F14
__end_of_fifo_retirar     text6        0F61
__end_of_fifo_tam         text5        0EC9
__end_of_initEUSART       text2        07EA
__end_of_isr              text21       0800
__end_of_main             maintext     038A
__end_of_newChar_degree   stringtext   011A
__end_of_txEUSART         text19       00FF
__end_of_txStatusEUSART   text18       0EDB
__end_of_wifi_init        text1        0EEC
__end_of_wifi_send        text17       00FA
__fptable                 functab      0054
__initialization          cinit        0011
__pbssBANK0               bssBANK0     0066
__pbssBANK1               bssBANK1     00D5
__pbssBANK3               bssBANK3     01AE
__pbssCOMMON              bssCOMMON    0077
__pcstackBANK0            cstackBANK0  0020
__pcstackCOMMON           cstackCOMMON 0070
__pdataBANK0              dataBANK0    004C
__pdataBANK1              dataBANK1    00A0
__pdataBANK3              dataBANK3    0190
__pfunctab                functab      0054
__pidataBANK0             idataBANK0   0F29
__pidataBANK1             idataBANK1   0FCB
__pidataBANK3             idataBANK3   0F61
__pintentry               intentry     0004
__pmaintext               maintext     024F
__pstringtext             stringtext   0100
__ptext1                  text1        0EDB
__ptext10                 text10       06D9
__ptext11                 text11       0F14
__ptext12                 text12       046E
__ptext13                 text13       0F9E
__ptext14                 text14       05F7
__ptext15                 text15       04F2
__ptext16                 text16       038A
__ptext17                 text17       00BC
__ptext18                 text18       0ED1
__ptext19                 text19       00FA
__ptext2                  text2        0796
__ptext20                 text20       0F7F
__ptext21                 text21       07EA
__ptext22                 text22       0EFF
__ptext3                  text3        066A
__ptext4                  text4        0575
__ptext5                  text5        0EC1
__ptext6                  text6        0F43
__ptext7                  text7        0738
__ptext8                  text8        0078
__ptext9                  text9        0EBA
__size_of_Wifi_connect    (abs)        0000
__size_of_Wifi_mode       (abs)        0000
__size_of___awdiv         (abs)        0000
__size_of___lldiv         (abs)        0000
__size_of__fptable        (abs)        0000
__size_of_delay           (abs)        0000
__size_of_dispLCD         (abs)        0000
__size_of_dispLCD_clr     (abs)        0000
__size_of_dispLCD_dataReg (abs)        0000
__size_of_dispLCD_init    (abs)        0000
__size_of_dispLCD_instReg (abs)        0000
__size_of_dispLCD_lincol  (abs)        0000
__size_of_dispLCD_newChar (abs)        0000
__size_of_fifo_filtro     (abs)        0000
__size_of_fifo_inserir    (abs)        0000
__size_of_fifo_retirar    (abs)        0000
__size_of_fifo_tam        (abs)        0000
__size_of_initEUSART      (abs)        0000
__size_of_isr             (abs)        0000
__size_of_main            (abs)        0000
__size_of_txEUSART        (abs)        0000
__size_of_txStatusEUSART  (abs)        0000
__size_of_wifi_init       (abs)        0000
__size_of_wifi_send       (abs)        0000
__stringbase              stringtext   0112
__stringtab               stringtext   0100
_aux                      bssBANK3     01AE
_delay                    text20       0F7F
_dispLCD                  text10       06D9
_dispLCD_B0               (abs)        0000
_dispLCD_B1               (abs)        0000
_dispLCD_clr              text9        0EBA
_dispLCD_dataReg          text13       0F9E
_dispLCD_init             text7        0738
_dispLCD_instReg          text12       046E
_dispLCD_lincol           text11       0F14
_dispLCD_newChar          text8        0078
_dispLCD_num              (abs)        0000
_dispLCDstr               (abs)        0000
_eusart                   dataBANK0    0057
_fifo                     bssBANK1     00D5
_fifo_filtro              text4        0575
_fifo_head                bssBANK0     0067
_fifo_inserir             text22       0EFF
_fifo_retirar             text6        0F43
_fifo_tail                bssBANK0     0066
_fifo_tam                 text5        0EC1
_indice                   bssBANK0     0068
_initEUSART               text2        0796
_isr                      text21       07EA
_lcd                      dataBANK0    005F
_main                     maintext     024F
_newChar_degree           stringtext   0112
_rxEUSART                 (abs)        0000
_rxErrorEUSART            (abs)        0000
_rxResetErrorEUSART       (abs)        0000
_rxStatusEUSART           (abs)        0000
_search                   (abs)        0000
_txEUSART                 text19       00FA
_txStatusEUSART           text18       0ED1
_vtr                      dataBANK1    00B4
_wifi                     dataBANK0    004C
_wifi_init                text1        0EDB
_wifi_receive             (abs)        0000
_wifi_send                text17       00BC
btemp                     (abs)        007E
clear_ram0                clrtext      0EC9
delay@t                   cstackBANK0  0020
dispLCD@col               cstackBANK0  002C
dispLCD@cont              cstackBANK0  002F
dispLCD@lin               cstackBANK0  002B
dispLCD@str               cstackBANK0  002D
dispLCD_dataReg@d         cstackBANK0  0020
dispLCD_instReg@i         cstackCOMMON 0076
dispLCD_lincol@col        cstackBANK0  0028
dispLCD_lincol@lin        cstackBANK0  002A
dispLCD_newChar@adrs      cstackBANK0  0025
dispLCD_newChar@i         cstackBANK0  0026
dispLCD_newChar@ptr       cstackBANK0  0022
end_of_initialization     cinit        0050
entry__wifi_init          functab      0075
entry__wifi_send          functab      0060
fifo_filtro@d             cstackBANK0  0024
fifo_inserir@d            cstackCOMMON 0072
fifo_retirar@aux          cstackCOMMON 0076
fpbase                    functab      0059
fptable                   functab      0054
fptotal                   (abs)        0014
initEUSART@baudRate       cstackBANK0  002D
init_fetch0               inittext     0EEC
init_ram0                 inittext     0EF0
interrupt_function        intentry     0004
intlevel0                 functab      0054
intlevel1                 functab      0054
intlevel2                 functab      0054
intlevel3                 functab      0054
intlevel4                 functab      0054
intlevel5                 functab      0054
reset_vec                 reset_vec    0000
saved_w                   (abs)        007E
stackhi                   (abs)        0000
stacklo                   (abs)        0000
start                     init         000E
start_initialization      cinit        0011
txEUSART@d                cstackCOMMON 0076
wifi_init@br              cstackBANK0  0037
wifi_send@msg             cstackBANK0  0020
wtemp0                    (abs)        007E


FUNCTION INFORMATION:

 *************** function _main *****************
 Defined at:
		line 34 in file "main.c"
 Parameters:    Size  Location     Type
		None
 Auto vars:     Size  Location     Type
		None
 Return value:  Size  Location     Type
                  1    wreg      void 
 Registers used:
		wreg, fsr0l, fsr0h, status,2, status,0, btemp+1, pclath, cstack
 Tracked objects:
		On entry : 
		On exit  : 
		Unchanged: 
 Data sizes:     COMMON   BANK0   BANK1   BANK3   BANK2
      Params:         0       0       0       0       0
      Locals:         0       0       0       0       0
      Temps:          0       1       0       0       0
      Totals:         0       1       0       0       0
Total ram usage:        1 bytes
 Hardware stack levels required when called:    5
 This function calls:
		_Wifi_connect
		_Wifi_mode
		_delay
		_dispLCD
		_dispLCD_clr
		_dispLCD_init
		_fifo_filtro
		_wifi_init
		_wifi_send
 This function is called by:
		Startup code after reset
 This function uses a non-reentrant model


 *************** function _wifi_init *****************
 Defined at:
		line 13 in file "wifi.c"
 Parameters:    Size  Location     Type
  br              4   23[BANK0 ] long 
 Auto vars:     Size  Location     Type
		None
 Return value:  Size  Location     Type
                  1    wreg      void 
 Registers used:
		wreg, status,2, status,0, pclath, cstack
 Tracked objects:
		On entry : 
		On exit  : 
		Unchanged: 
 Data sizes:     COMMON   BANK0   BANK1   BANK3   BANK2
      Params:         0       4       0       0       0
      Locals:         0       0       0       0       0
      Temps:          0       0       0       0       0
      Totals:         0       4       0       0       0
Total ram usage:        4 bytes
 Hardware stack levels used:    1
 Hardware stack levels required when called:    4
 This function calls:
		_initEUSART
 This function is called by:
		_main
 This function uses a non-reentrant model


 *************** function _initEUSART *****************
 Defined at:
		line 137 in file "eusart.c"
 Parameters:    Size  Location     Type
  baudRate        4   13[BANK0 ] unsigned long 
 Auto vars:     Size  Location     Type
		None
 Return value:  Size  Location     Type
                  1    wreg      void 
 Registers used:
		wreg, status,2, status,0, pclath, cstack
 Tracked objects:
		On entry : 
		On exit  : 
		Unchanged: 
 Data sizes:     COMMON   BANK0   BANK1   BANK3   BANK2
      Params:         0       4       0       0       0
      Locals:         0       0       0       0       0
      Temps:          0       6       0       0       0
      Totals:         0      10       0       0       0
Total ram usage:       10 bytes
 Hardware stack levels used:    1
 Hardware stack levels required when called:    3
 This function calls:
		___lldiv
 This function is called by:
		_wifi_init
 This function uses a non-reentrant model


 *************** function ___lldiv *****************
 Defined at:
		line 5 in file "C:\Program Files (x86)\Microchip\xc8\v2.00\pic\sources\c90\common\__lldiv.c"
 Parameters:    Size  Location     Type
  divisor         4    0[BANK0 ] unsigned long 
  dividend        4    4[BANK0 ] unsigned long 
 Auto vars:     Size  Location     Type
  quotient        4    8[BANK0 ] unsigned long 
  counter         1   12[BANK0 ] unsigned char 
 Return value:  Size  Location     Type
                  4    0[BANK0 ] unsigned long 
 Registers used:
		wreg, status,2, status,0
 Tracked objects:
		On entry : 
		On exit  : 
		Unchanged: 
 Data sizes:     COMMON   BANK0   BANK1   BANK3   BANK2
      Params:         0       8       0       0       0
      Locals:         0       5       0       0       0
      Temps:          1       0       0       0       0
      Totals:         1      13       0       0       0
Total ram usage:       14 bytes
 Hardware stack levels used:    1
 Hardware stack levels required when called:    2
 This function calls:
		Nothing
 This function is called by:
		_initEUSART
 This function uses a non-reentrant model


 *************** function _fifo_filtro *****************
 Defined at:
		line 50 in file "fifo.c"
 Parameters:    Size  Location     Type
		None
 Auto vars:     Size  Location     Type
  d               1    4[BANK0 ] unsigned char 
 Return value:  Size  Location     Type
                  1    wreg      void 
 Registers used:
		wreg, fsr0l, fsr0h, status,2, status,0, pclath, cstack
 Tracked objects:
		On entry : 
		On exit  : 
		Unchanged: 
 Data sizes:     COMMON   BANK0   BANK1   BANK3   BANK2
      Params:         0       0       0       0       0
      Locals:         0       1       0       0       0
      Temps:          0       2       0       0       0
      Totals:         0       3       0       0       0
Total ram usage:        3 bytes
 Hardware stack levels used:    1
 Hardware stack levels required when called:    3
 This function calls:
		_fifo_retirar
		_fifo_tam
 This function is called by:
		_main
 This function uses a non-reentrant model


 *************** function _fifo_tam *****************
 Defined at:
		line 35 in file "fifo.c"
 Parameters:    Size  Location     Type
		None
 Auto vars:     Size  Location     Type
		None
 Return value:  Size  Location     Type
                  1    wreg      unsigned char 
 Registers used:
		wreg, status,2, status,0
 Tracked objects:
		On entry : 
		On exit  : 
		Unchanged: 
 Data sizes:     COMMON   BANK0   BANK1   BANK3   BANK2
      Params:         0       0       0       0       0
      Locals:         0       0       0       0       0
      Temps:          0       0       0       0       0
      Totals:         0       0       0       0       0
Total ram usage:        0 bytes
 Hardware stack levels used:    1
 Hardware stack levels required when called:    2
 This function calls:
		Nothing
 This function is called by:
		_fifo_filtro
 This function uses a non-reentrant model


 *************** function _fifo_retirar *****************
 Defined at:
		line 24 in file "fifo.c"
 Parameters:    Size  Location     Type
		None
 Auto vars:     Size  Location     Type
  aux             1    6[COMMON] unsigned char 
 Return value:  Size  Location     Type
                  1    wreg      unsigned char 
 Registers used:
		wreg, fsr0l, fsr0h, status,2, status,0
 Tracked objects:
		On entry : 
		On exit  : 
		Unchanged: 
 Data sizes:     COMMON   BANK0   BANK1   BANK3   BANK2
      Params:         0       0       0       0       0
      Locals:         1       0       0       0       0
      Temps:          0       2       0       0       0
      Totals:         1       2       0       0       0
Total ram usage:        3 bytes
 Hardware stack levels used:    1
 Hardware stack levels required when called:    2
 This function calls:
		Nothing
 This function is called by:
		_fifo_filtro
 This function uses a non-reentrant model


 *************** function _dispLCD_init *****************
 Defined at:
		line 150 in file "lcd.c"
 Parameters:    Size  Location     Type
		None
 Auto vars:     Size  Location     Type
		None
 Return value:  Size  Location     Type
                  1    wreg      void 
 Registers used:
		wreg, fsr0l, fsr0h, status,2, status,0, btemp+1, pclath, cstack
 Tracked objects:
		On entry : 
		On exit  : 
		Unchanged: 
 Data sizes:     COMMON   BANK0   BANK1   BANK3   BANK2
      Params:         0       0       0       0       0
      Locals:         0       0       0       0       0
      Temps:          0       0       0       0       0
      Totals:         0       0       0       0       0
Total ram usage:        0 bytes
 Hardware stack levels used:    1
 Hardware stack levels required when called:    4
 This function calls:
		_delay
		_dispLCD_instReg
		_dispLCD_newChar
 This function is called by:
		_main
 This function uses a non-reentrant model


 *************** function _dispLCD_newChar *****************
 Defined at:
		line 134 in file "lcd.c"
 Parameters:    Size  Location     Type
  adrs            1    wreg     unsigned char 
  ptr             2    2[BANK0 ] PTR const unsigned char 
		 -> newChar_degree(8), 
 Auto vars:     Size  Location     Type
  adrs            1    5[BANK0 ] unsigned char 
  i               1    6[BANK0 ] unsigned char 
 Return value:  Size  Location     Type
                  1    wreg      void 
 Registers used:
		wreg, fsr0l, fsr0h, status,2, status,0, btemp+1, pclath, cstack
 Tracked objects:
		On entry : 
		On exit  : 
		Unchanged: 
 Data sizes:     COMMON   BANK0   BANK1   BANK3   BANK2
      Params:         0       2       0       0       0
      Locals:         0       2       0       0       0
      Temps:          0       1       0       0       0
      Totals:         0       5       0       0       0
Total ram usage:        5 bytes
 Hardware stack levels used:    1
 Hardware stack levels required when called:    3
 This function calls:
		_dispLCD_dataReg
		_dispLCD_instReg
 This function is called by:
		_dispLCD_init
 This function uses a non-reentrant model


 *************** function _dispLCD_clr *****************
 Defined at:
		line 249 in file "lcd.c"
 Parameters:    Size  Location     Type
		None
 Auto vars:     Size  Location     Type
		None
 Return value:  Size  Location     Type
                  1    wreg      void 
 Registers used:
		wreg, status,2, status,0, pclath, cstack
 Tracked objects:
		On entry : 
		On exit  : 
		Unchanged: 
 Data sizes:     COMMON   BANK0   BANK1   BANK3   BANK2
      Params:         0       0       0       0       0
      Locals:         0       0       0       0       0
      Temps:          0       0       0       0       0
      Totals:         0       0       0       0       0
Total ram usage:        0 bytes
 Hardware stack levels used:    1
 Hardware stack levels required when called:    3
 This function calls:
		_dispLCD_instReg
 This function is called by:
		_main
 This function uses a non-reentrant model


 *************** function _dispLCD *****************
 Defined at:
		line 173 in file "lcd.c"
 Parameters:    Size  Location     Type
  lin             1   11[BANK0 ] unsigned char 
  col             1   12[BANK0 ] unsigned char 
  str             1   13[BANK0 ] PTR const unsigned char 
		 -> vtr(33), 
 Auto vars:     Size  Location     Type
  cont            2   15[BANK0 ] int 
 Return value:  Size  Location     Type
                  1    wreg      void 
 Registers used:
		wreg, fsr0l, fsr0h, status,2, status,0, btemp+1, pclath, cstack
 Tracked objects:
		On entry : 
		On exit  : 
		Unchanged: 
 Data sizes:     COMMON   BANK0   BANK1   BANK3   BANK2
      Params:         0       3       0       0       0
      Locals:         0       2       0       0       0
      Temps:          0       1       0       0       0
      Totals:         0       6       0       0       0
Total ram usage:        6 bytes
 Hardware stack levels used:    1
 Hardware stack levels required when called:    4
 This function calls:
		___awdiv
		_dispLCD_dataReg
		_dispLCD_lincol
 This function is called by:
		_main
 This function uses a non-reentrant model


 *************** function _dispLCD_lincol *****************
 Defined at:
		line 128 in file "lcd.c"
 Parameters:    Size  Location     Type
  lin             1    wreg     unsigned char 
  col             1    8[BANK0 ] unsigned char 
 Auto vars:     Size  Location     Type
  lin             1   10[BANK0 ] unsigned char 
 Return value:  Size  Location     Type
                  1    wreg      void 
 Registers used:
		wreg, status,2, status,0, pclath, cstack
 Tracked objects:
		On entry : 
		On exit  : 
		Unchanged: 
 Data sizes:     COMMON   BANK0   BANK1   BANK3   BANK2
      Params:         0       1       0       0       0
      Locals:         0       1       0       0       0
      Temps:          0       1       0       0       0
      Totals:         0       3       0       0       0
Total ram usage:        3 bytes
 Hardware stack levels used:    1
 Hardware stack levels required when called:    3
 This function calls:
		_dispLCD_instReg
 This function is called by:
		_dispLCD
		_dispLCD_putChar
		_dispLCDstr
		_dispLCD_num
 This function uses a non-reentrant model


 *************** function _dispLCD_instReg *****************
 Defined at:
		line 79 in file "lcd.c"
 Parameters:    Size  Location     Type
  i               1    wreg     unsigned char 
 Auto vars:     Size  Location     Type
  i               1    6[COMMON] unsigned char 
 Return value:  Size  Location     Type
                  1    wreg      void 
 Registers used:
		wreg, status,2, status,0
 Tracked objects:
		On entry : 
		On exit  : 
		Unchanged: 
 Data sizes:     COMMON   BANK0   BANK1   BANK3   BANK2
      Params:         0       0       0       0       0
      Locals:         1       0       0       0       0
      Temps:          0       2       0       0       0
      Totals:         1       2       0       0       0
Total ram usage:        3 bytes
 Hardware stack levels used:    1
 Hardware stack levels required when called:    2
 This function calls:
		Nothing
 This function is called by:
		_dispLCD_lincol
		_dispLCD_newChar
		_dispLCD_init
		_dispLCD_clr
 This function uses a non-reentrant model


 *************** function _dispLCD_dataReg *****************
 Defined at:
		line 112 in file "lcd.c"
 Parameters:    Size  Location     Type
  d               1    wreg     unsigned char 
 Auto vars:     Size  Location     Type
  d               1    0[BANK0 ] unsigned char 
 Return value:  Size  Location     Type
                  1    wreg      void 
 Registers used:
		wreg, status,2, status,0
 Tracked objects:
		On entry : 
		On exit  : 
		Unchanged: 
 Data sizes:     COMMON   BANK0   BANK1   BANK3   BANK2
      Params:         0       0       0       0       0
      Locals:         0       1       0       0       0
      Temps:          1       0       0       0       0
      Totals:         1       1       0       0       0
Total ram usage:        2 bytes
 Hardware stack levels used:    1
 Hardware stack levels required when called:    2
 This function calls:
		Nothing
 This function is called by:
		_dispLCD_newChar
		_dispLCD
		_dispLCD_putChar
		_dispLCDstr
		_dispLCD_num
 This function uses a non-reentrant model


 *************** function ___awdiv *****************
 Defined at:
		line 5 in file "C:\Program Files (x86)\Microchip\xc8\v2.00\pic\sources\c90\common\awdiv.c"
 Parameters:    Size  Location     Type
  divisor         2    0[BANK0 ] int 
  dividend        2    2[BANK0 ] int 
 Auto vars:     Size  Location     Type
  quotient        2    6[BANK0 ] int 
  sign            1    5[BANK0 ] unsigned char 
  counter         1    4[BANK0 ] unsigned char 
 Return value:  Size  Location     Type
                  2    0[BANK0 ] int 
 Registers used:
		wreg, status,2, status,0
 Tracked objects:
		On entry : 
		On exit  : 
		Unchanged: 
 Data sizes:     COMMON   BANK0   BANK1   BANK3   BANK2
      Params:         0       4       0       0       0
      Locals:         0       4       0       0       0
      Temps:          1       0       0       0       0
      Totals:         1       8       0       0       0
Total ram usage:        9 bytes
 Hardware stack levels used:    1
 Hardware stack levels required when called:    2
 This function calls:
		Nothing
 This function is called by:
		_dispLCD
		_dispLCD_num
 This function uses a non-reentrant model


 *************** function _Wifi_mode *****************
 Defined at:
		line 47 in file "wifi.c"
 Parameters:    Size  Location     Type
  d               1    4[BANK0 ] unsigned char 
 Auto vars:     Size  Location     Type
		None
 Return value:  Size  Location     Type
                  1    wreg      void 
 Registers used:
		wreg, fsr0l, fsr0h, status,2, status,0, btemp+1, pclath, cstack
 Tracked objects:
		On entry : 
		On exit  : 
		Unchanged: 
 Data sizes:     COMMON   BANK0   BANK1   BANK3   BANK2
      Params:         0       1       0       0       0
      Locals:         0       0       0       0       0
      Temps:          0       0       0       0       0
      Totals:         0       1       0       0       0
Total ram usage:        1 bytes
 Hardware stack levels used:    1
 Hardware stack levels required when called:    4
 This function calls:
		_delay
		_wifi_send
 This function is called by:
		_main
 This function uses a non-reentrant model


 *************** function _Wifi_connect *****************
 Defined at:
		line 75 in file "wifi.c"
 Parameters:    Size  Location     Type
  ssid            2    4[BANK0 ] PTR const unsigned char 
		 -> STR_1(4), 
  pass            2    6[BANK0 ] PTR const unsigned char 
		 -> STR_2(9), 
 Auto vars:     Size  Location     Type
  str            30   12[BANK0 ] unsigned char [30]
  i               1   42[BANK0 ] unsigned char 
 Return value:  Size  Location     Type
                  1    wreg      void 
 Registers used:
		wreg, fsr0l, fsr0h, status,2, status,0, btemp+1, pclath, cstack
 Tracked objects:
		On entry : 
		On exit  : 
		Unchanged: 
 Data sizes:     COMMON   BANK0   BANK1   BANK3   BANK2
      Params:         0       4       0       0       0
      Locals:         0      31       0       0       0
      Temps:          0       4       0       0       0
      Totals:         0      39       0       0       0
Total ram usage:       39 bytes
 Hardware stack levels used:    1
 Hardware stack levels required when called:    4
 This function calls:
		_delay
		_wifi_send
 This function is called by:
		_main
 This function uses a non-reentrant model


 *************** function _wifi_send *****************
 Defined at:
		line 18 in file "wifi.c"
 Parameters:    Size  Location     Type
  msg             2    0[BANK0 ] PTR const unsigned char 
		 -> STR_20(14), STR_19(38), Wifi_cipsend@vtr(10), Wifi_cipsend@str(20), 
		 -> STR_18(14), STR_17(15), STR_16(21), STR_15(14), 
		 -> STR_14(18), STR_13(11), STR_12(11), Wifi_connect@str(30), 
		 -> STR_11(41), STR_10(14), STR_9(36), STR_8(14), 
		 -> STR_7(14), STR_6(11), STR_5(7), STR_4(15), 
		 -> STR_3(38), 
 Auto vars:     Size  Location     Type
		None
 Return value:  Size  Location     Type
                  1    wreg      void 
 Registers used:
		wreg, fsr0l, fsr0h, status,2, status,0, btemp+1, pclath, cstack
 Tracked objects:
		On entry : 
		On exit  : 
		Unchanged: 
 Data sizes:     COMMON   BANK0   BANK1   BANK3   BANK2
      Params:         0       2       0       0       0
      Locals:         0       0       0       0       0
      Temps:          0       1       0       0       0
      Totals:         0       3       0       0       0
Total ram usage:        3 bytes
 Hardware stack levels used:    1
 Hardware stack levels required when called:    3
 This function calls:
		_txEUSART
		_txStatusEUSART
 This function is called by:
		_Wifi_mode
		_Wifi_connect
		_Wifi_scan
		_Wifi_ip
		_Wifi_autoconnect
		_Wifi_config_servidor
		_Wifi_config_cliente
		_Wifi_cipsend
		_main
 This function uses a non-reentrant model


 *************** function _txStatusEUSART *****************
 Defined at:
		line 126 in file "eusart.c"
 Parameters:    Size  Location     Type
		None
 Auto vars:     Size  Location     Type
		None
 Return value:  Size  Location     Type
                  1    wreg      unsigned char 
 Registers used:
		wreg, status,0
 Tracked objects:
		On entry : 
		On exit  : 
		Unchanged: 
 Data sizes:     COMMON   BANK0   BANK1   BANK3   BANK2
      Params:         0       0       0       0       0
      Locals:         0       0       0       0       0
      Temps:          0       0       0       0       0
      Totals:         0       0       0       0       0
Total ram usage:        0 bytes
 Hardware stack levels used:    1
 Hardware stack levels required when called:    2
 This function calls:
		Nothing
 This function is called by:
		_wifi_send
 This function uses a non-reentrant model


 *************** function _txEUSART *****************
 Defined at:
		line 115 in file "eusart.c"
 Parameters:    Size  Location     Type
  d               1    6[COMMON] unsigned char 
 Auto vars:     Size  Location     Type
		None
 Return value:  Size  Location     Type
                  1    wreg      void 
 Registers used:
		wreg
 Tracked objects:
		On entry : 
		On exit  : 
		Unchanged: 
 Data sizes:     COMMON   BANK0   BANK1   BANK3   BANK2
      Params:         1       0       0       0       0
      Locals:         0       0       0       0       0
      Temps:          0       0       0       0       0
      Totals:         1       0       0       0       0
Total ram usage:        1 bytes
 Hardware stack levels used:    1
 Hardware stack levels required when called:    2
 This function calls:
		Nothing
 This function is called by:
		_wifi_send
 This function uses a non-reentrant model


 *************** function _delay *****************
 Defined at:
		line 12 in file "delay.c"
 Parameters:    Size  Location     Type
  t               2    0[BANK0 ] unsigned int 
 Auto vars:     Size  Location     Type
		None
 Return value:  Size  Location     Type
                  1    wreg      void 
 Registers used:
		wreg, status,2, status,0
 Tracked objects:
		On entry : 
		On exit  : 
		Unchanged: 
 Data sizes:     COMMON   BANK0   BANK1   BANK3   BANK2
      Params:         0       2       0       0       0
      Locals:         0       0       0       0       0
      Temps:          0       2       0       0       0
      Totals:         0       4       0       0       0
Total ram usage:        4 bytes
 Hardware stack levels used:    1
 Hardware stack levels required when called:    2
 This function calls:
		Nothing
 This function is called by:
		_main
		_dispLCD_init
		_Wifi_mode
		_Wifi_connect
		_Wifi_config_servidor
		_Wifi_cipsend
 This function uses a non-reentrant model


 *************** function _isr *****************
 Defined at:
		line 12 in file "interrupt.c"
 Parameters:    Size  Location     Type
		None
 Auto vars:     Size  Location     Type
		None
 Return value:  Size  Location     Type
                  1    wreg      void 
 Registers used:
		wreg, fsr0l, fsr0h, status,2, status,0, pclath, cstack
 Tracked objects:
		On entry : 
		On exit  : 
		Unchanged: 
 Data sizes:     COMMON   BANK0   BANK1   BANK3   BANK2
      Params:         0       0       0       0       0
      Locals:         0       0       0       0       0
      Temps:          3       0       0       0       0
      Totals:         3       0       0       0       0
Total ram usage:        3 bytes
 Hardware stack levels used:    1
 Hardware stack levels required when called:    1
 This function calls:
		_fifo_inserir
 This function is called by:
		Interrupt level 1
 This function uses a non-reentrant model


 *************** function _fifo_inserir *****************
 Defined at:
		line 17 in file "fifo.c"
 Parameters:    Size  Location     Type
  d               1    wreg     unsigned char 
 Auto vars:     Size  Location     Type
  d               1    2[COMMON] unsigned char 
 Return value:  Size  Location     Type
                  1    wreg      void 
 Registers used:
		wreg, fsr0l, fsr0h, status,2, status,0
 Tracked objects:
		On entry : 
		On exit  : 
		Unchanged: 
 Data sizes:     COMMON   BANK0   BANK1   BANK3   BANK2
      Params:         0       0       0       0       0
      Locals:         1       0       0       0       0
      Temps:          2       0       0       0       0
      Totals:         3       0       0       0       0
Total ram usage:        3 bytes
 Hardware stack levels used:    1
 This function calls:
		Nothing
 This function is called by:
		_isr
 This function uses a non-reentrant model



MODULE INFORMATION

Module		Function		Class		Link	Load	Size
delay.c
		_delay         		CODE           	0F7F	0000	32

delay.c estimated size: 32

eusart.c
		_txEUSART      		CODE           	00FA	0000	6
		_initEUSART    		CODE           	0796	0000	85
		_txStatusEUSART		CODE           	0ED1	0000	11

eusart.c estimated size: 102

fifo.c
		_fifo_filtro   		CODE           	0575	0000	131
		_fifo_tam      		CODE           	0EC1	0000	9
		_fifo_retirar  		CODE           	0F43	0000	31
		_fifo_inserir  		CODE           	0EFF	0000	22

fifo.c estimated size: 193

C:\Program Files (x86)\Microchip\xc8\v2.00\pic\sources\c90\common\__lldiv.c
		___lldiv       		CODE           	066A	0000	112

C:\Program Files (x86)\Microchip\xc8\v2.00\pic\sources\c90\common\__lldiv.c estimated size: 112

C:\Program Files (x86)\Microchip\xc8\v2.00\pic\sources\c90\common\awdiv.c
		___awdiv       		CODE           	05F7	0000	116

C:\Program Files (x86)\Microchip\xc8\v2.00\pic\sources\c90\common\awdiv.c estimated size: 116

interrupt.c
		_isr           		CODE           	07EA	0000	23

interrupt.c estimated size: 23

shared
		__stringtab    		STRCODE        	0100	0000	19
		_newChar_degree		STRCODE        	0112	0000	9
		__initialization		CODE           	0011	0000	64
		__fptable      		ENTRY          	0054	0000	37

shared estimated size: 129

wifi.c
		_wifi_init     		CODE           	0EDB	0000	18
		_wifi_send     		CODE           	00BC	0000	63
		_Wifi_connect  		CODE           	038A	0000	229
		_Wifi_mode     		CODE           	04F2	0000	132

wifi.c estimated size: 442

lcd.c
		_dispLCD_lincol		CODE           	0F14	0000	22
		_dispLCD_dataReg		CODE           	0F9E	0000	46
		_dispLCD_instReg		CODE           	046E	0000	133
		_dispLCD_newChar		CODE           	0078	0000	69
		_dispLCD       		CODE           	06D9	0000	96
		_dispLCD_clr   		CODE           	0EBA	0000	8
		_dispLCD_init  		CODE           	0738	0000	95

lcd.c estimated size: 469

main.c
		_main          		CODE           	024F	0000	316

main.c estimated size: 316

